

=====================================================================
== C:\dayz_development\DayZServer_x64.exe
== "DayZServer_x64.exe"  -mod="@Trader;" -config=serverDZ.cfg -port=2302 -profiles=profiles -cpuCount=22 -dologs -adminlog -netlog -freezecheck
=====================================================================
Exe timestamp: 2020/06/03 13:42:56
Current time:  2020/06/04 19:28:27

Version 1.07.153006
19:28:27.869 Localization won't work: STR_SUNDAY - "Global" stringtable not found
19:28:27.870 Localization won't work: STR_MONDAY - "Global" stringtable not found
19:28:27.870 Localization won't work: STR_TUESDAY - "Global" stringtable not found
19:28:27.870 Localization won't work: STR_WEDNESDAY - "Global" stringtable not found
19:28:27.870 Localization won't work: STR_THURSDAY - "Global" stringtable not found
19:28:27.870 Localization won't work: STR_FRIDAY - "Global" stringtable not found
19:28:27.870 Localization won't work: STR_SATURDAY - "Global" stringtable not found
19:28:27.870 Localization won't work: STR_JANUARY - "Global" stringtable not found
19:28:27.870 Localization won't work: STR_FEBRUARY - "Global" stringtable not found
19:28:27.870 Localization won't work: STR_MARCH - "Global" stringtable not found
19:28:27.870 Localization won't work: STR_APRIL - "Global" stringtable not found
19:28:27.870 Localization won't work: STR_MAY - "Global" stringtable not found
19:28:27.870 Localization won't work: STR_JUNE - "Global" stringtable not found
19:28:27.870 Localization won't work: STR_JULY - "Global" stringtable not found
19:28:27.870 Localization won't work: STR_AUGUST - "Global" stringtable not found
19:28:27.870 Localization won't work: STR_SEPTEMBER - "Global" stringtable not found
19:28:27.870 Localization won't work: STR_OCTOBER - "Global" stringtable not found
19:28:27.870 Localization won't work: STR_NOVEMBER - "Global" stringtable not found
19:28:27.870 Localization won't work: STR_DECEMBER - "Global" stringtable not found
19:28:27.870 Localization won't work: STR_DATE_FORMAT - "Global" stringtable not found
19:28:27.870 Localization won't work: STR_DATE_FORMAT_SHORT - "Global" stringtable not found
19:28:27.870 Localization won't work: STR_TIME_FORMAT - "Global" stringtable not found
19:28:27.870 Localization won't work: STR_MAP_INTERVAL - "Global" stringtable not found
19:28:27.870 Localization won't work: STR_MAP_LEGEND_INFO - "Global" stringtable not found
19:28:27.870 Localization won't work: STR_MAP_SCALE_FORMAT - "Global" stringtable not found
19:28:27.870 Localization won't work: STR_RESOLUTION_FORMAT - "Global" stringtable not found
19:28:27.870 Localization won't work: STR_SESSION_NAME_FORMAT - "Global" stringtable not found
19:28:27.870 Localization won't work: STR_CONFIG_YNORMAL - "Global" stringtable not found
19:28:27.870 Localization won't work: STR_CONFIG_YREVERSED - "Global" stringtable not found
19:28:27.871 Localization won't work: STR_CONFIG_CONTROLLER_NORMAL_LOOK - "Global" stringtable not found
19:28:27.871 Localization won't work: STR_CONFIG_CONTROLLER_REVERSED_LOOK - "Global" stringtable not found
19:28:27.871 Localization won't work: STR_ENABLED - "Global" stringtable not found
19:28:27.871 Localization won't work: STR_DISABLED - "Global" stringtable not found
19:28:27.871 Localization won't work: STR_SESSION_NAME_INIT - "Global" stringtable not found
19:28:27.871 Localization won't work: STR_TIME_ACC_FORMAT - "Global" stringtable not found
19:28:27.871 Localization won't work: STR_MP_VALIDERROR - "Global" stringtable not found
19:28:27.871 Localization won't work: STR_MP_VALIDERROR_1 - "Global" stringtable not found
19:28:27.871 Localization won't work: STR_MP_VALIDERROR_2 - "Global" stringtable not found
19:28:27.871 Localization won't work: STR_MP_LOGGED - "Global" stringtable not found
19:28:27.871 Localization won't work: STR_MP_LOGGED_OUT - "Global" stringtable not found
19:28:27.871 Localization won't work: STR_MP_CONNECTION_LOOSING - "Global" stringtable not found
19:28:27.871 Localization won't work: STR_MSG_MP_PASSWORD - "Global" stringtable not found
19:28:27.871 Localization won't work: STR_MSG_MP_NO_PASSWORD - "Global" stringtable not found
19:28:27.871 Localization won't work: STR_MSG_MP_VERSION - "Global" stringtable not found
19:28:27.871 Localization won't work: STR_MSG_MP_CONNECT_ERROR - "Global" stringtable not found
19:28:27.871 Localization won't work: STR_MSG_ADDON_MISSING - "Global" stringtable not found
19:28:27.871 Localization won't work: STR_MSG_ADDON_VERSION - "Global" stringtable not found
19:28:27.871 Localization won't work: STR_MSG_LAUNCH_GAME - "Global" stringtable not found
19:28:27.871 Localization won't work: STR_MSG_NO_WORLD - "Global" stringtable not found
19:28:27.871 Localization won't work: STR_MSG_MP_SESSION_FULL - "Global" stringtable not found
19:28:27.871 Localization won't work: STR_LOAD_INIT - "Global" stringtable not found
19:28:27.871 Localization won't work: STR_LOAD_WORLD - "Global" stringtable not found
19:28:27.871 Localization won't work: STR_LOAD_MISSION - "Global" stringtable not found
19:28:27.871 Localization won't work: STR_LOAD_INTRO - "Global" stringtable not found
19:28:27.871 Localization won't work: STR_LOAD_GAME - "Global" stringtable not found
19:28:27.871 Localization won't work: STR_SAVE_GAME - "Global" stringtable not found
19:28:27.871 Localization won't work: STR_NETWORK_SEND - "Global" stringtable not found
19:28:27.871 Localization won't work: STR_NETWORK_RECEIVE - "Global" stringtable not found
19:28:27.871 Localization won't work: STR_CREATE_SERVER - "Global" stringtable not found
19:28:27.871 Localization won't work: STR_CREATE_CLIENT - "Global" stringtable not found
19:28:27.871 Localization won't work: STR_SHUTDOWN - "Global" stringtable not found
19:28:27.871 Localization won't work: STR_DN_TREE - "Global" stringtable not found
19:28:27.871 Localization won't work: STR_DN_BUSH - "Global" stringtable not found
19:28:27.871 Localization won't work: STR_DN_BUILDING - "Global" stringtable not found
19:28:27.871 Localization won't work: STR_DN_HOUSE - "Global" stringtable not found
19:28:27.871 Localization won't work: STR_DN_CHURCH - "Global" stringtable not found
19:28:27.871 Localization won't work: STR_DN_CHAPEL - "Global" stringtable not found
19:28:27.871 Localization won't work: STR_DN_CROSS - "Global" stringtable not found
19:28:27.871 Localization won't work: STR_DN_ROCK - "Global" stringtable not found
19:28:27.871 Localization won't work: STR_DN_FOREST - "Global" stringtable not found
19:28:27.871 Localization won't work: STR_DN_BUS_STOP - "Global" stringtable not found
19:28:27.871 Localization won't work: STR_FADE_AWAY - "Global" stringtable not found
19:28:27.871 Localization won't work: STR_MP_CONNECT - "Global" stringtable not found
19:28:27.871 Localization won't work: STR_MP_DISCONNECT - "Global" stringtable not found
19:28:27.871 Localization won't work: STR_MP_CONNECTING - "Global" stringtable not found
19:28:27.871 Localization won't work: STR_MP_KICKED - "Global" stringtable not found
19:28:27.871 Localization won't work: STR_MP_BANNED - "Global" stringtable not found
19:28:27.871 Localization won't work: STR_MP_TIMEOUT - "Global" stringtable not found
19:28:27.871 Localization won't work: STR_server_shutdown - "Global" stringtable not found
19:28:27.871 Localization won't work: STR_DISP_CLIENT_TEXT - "Global" stringtable not found
19:28:27.871 Localization won't work: STR_DISP_CLIENT_TEXT_EDIT - "Global" stringtable not found
19:28:27.871 Localization won't work: STR_SERVER_MONITOR - "Global" stringtable not found
19:28:27.871 Localization won't work: STR_MP_SERVER - "Global" stringtable not found
19:28:27.871 Localization won't work: STR_MP_MASTER - "Global" stringtable not found
19:28:27.871 Localization won't work: STR_MP_SESSION_LOST - "Global" stringtable not found
19:28:27.871 Localization won't work: STR_DISP_OPT_UNITS_METRIC - "Global" stringtable not found
19:28:27.872 Localization won't work: STR_DISP_OPT_UNITS_MIXED - "Global" stringtable not found
19:28:27.872 Localization won't work: STR_DISP_OPT_UNITS_IMPERIAL - "Global" stringtable not found
19:28:27.872 Localization won't work: STR_MP_KICKED_CLIENT - "Global" stringtable not found
19:28:27.872 Localization won't work: STR_MP_LOGIN_QUEUE_FULL - "Global" stringtable not found
19:28:27.872 Localization won't work: STR_MP_BANNED_CLIENT - "Global" stringtable not found
19:28:27.872 Localization won't work: STR_MP_TIMEOUT_CLIENT - "Global" stringtable not found
19:28:27.872 Localization won't work: STR_MP_BAD_CDKEY - "Global" stringtable not found
19:28:27.872 Localization won't work: STR_MP_SESSION_LOCKED - "Global" stringtable not found
19:28:27.872 Localization won't work: STR_MP_STEAM_AUTH_FAILED - "Global" stringtable not found
19:28:27.872 Localization won't work: STR_xbox_authentification_fail - "Global" stringtable not found
19:28:27.872 Localization won't work: STR_ps4_authentification_fail - "Global" stringtable not found
19:28:27.872 Localization won't work: STR_authentification_fail - "Global" stringtable not found
19:28:27.872 Localization won't work: STR_MP_MAX_PING - "Global" stringtable not found
19:28:27.872 Localization won't work: STR_HOST_SESSION - "Global" stringtable not found
19:28:27.872 Localization won't work: STR_DS_SERVER_CREATED - "Global" stringtable not found
19:28:27.872 Localization won't work: STR_DS_SERVER_CREATE_FAIL - "Global" stringtable not found
19:28:27.872 Localization won't work: STR_DS_SERVER_FINISHED - "Global" stringtable not found
19:28:27.872 Localization won't work: STR_DS_SERVER_IDENTITY_CREATED - "Global" stringtable not found
19:28:27.872 Localization won't work: STR_DS_PLAYER_CONNECTING - "Global" stringtable not found
19:28:27.872 Localization won't work: STR_DS_PLAYER_CONNECTED - "Global" stringtable not found
19:28:27.872 Localization won't work: STR_DS_PLAYER_DISCONNECTED - "Global" stringtable not found
19:28:27.872 Localization won't work: STR_DS_ADMIN_LOGGED_IN - "Global" stringtable not found
19:28:27.872 Localization won't work: STR_DS_ADMIN_LOGGED_OUT - "Global" stringtable not found
19:28:27.872 Localization won't work: STR_DS_NO_USERS - "Global" stringtable not found
19:28:27.872 Localization won't work: STR_DS_ROLES_ASSIGNED - "Global" stringtable not found
19:28:27.872 Localization won't work: STR_DS_READING_MISSION - "Global" stringtable not found
19:28:27.872 Localization won't work: STR_DS_MISSION_READ - "Global" stringtable not found
19:28:27.872 Localization won't work: STR_DS_WAITING_FOR_NEXT_GAME - "Global" stringtable not found
19:28:27.872 Localization won't work: STR_HASH_WRONG - "Global" stringtable not found
19:28:27.872 Localization won't work: STR_SIGNATURE_MISSING - "Global" stringtable not found
19:28:27.872 Localization won't work: STR_SIGNATURE_WRONG - "Global" stringtable not found
19:28:27.872 Localization won't work: STR_SIGNATURE_CHECK_TIMED_OUT - "Global" stringtable not found
19:28:27.872 Localization won't work: STR_BATTLEYE_INIT_FAILED - "Global" stringtable not found
19:28:27.872 Localization won't work: STR_MSG_ADDON_NOT_FOUND - "Global" stringtable not found
19:28:27.872 Localization won't work: STR_MSG_ADDON_CANNOT_OPEN - "Global" stringtable not found
19:28:27.872 Localization won't work: STR_MSG_ADDON_UNKNOWN_PRODUCT - "Global" stringtable not found
19:28:27.872 Localization won't work: STR_INCOMPATIBLE_LOAD_GAME_ATTEMPT - "Global" stringtable not found
19:28:28.357 Localization not present: STR_DATE_FORMAT_SHORT
19:28:28.357 Localization not present: STR_TIME_FORMAT
19:28:28.357 Localization not present: STR_CONFIG_CONTROLLER_NORMAL_LOOK
19:28:28.357 Localization not present: STR_CONFIG_CONTROLLER_REVERSED_LOOK
19:28:28.357 Localization not present: STR_MP_VALIDERROR
19:28:28.357 Localization not present: STR_MP_CONNECTION_LOOSING
19:28:28.357 Localization not present: STR_MSG_MP_NO_PASSWORD
19:28:28.357 Localization not present: STR_MSG_LAUNCH_GAME
19:28:28.357 Localization not present: STR_LOAD_INIT
19:28:28.357 Localization not present: STR_LOAD_WORLD
19:28:28.357 Localization not present: STR_LOAD_GAME
19:28:28.357 Localization not present: STR_SAVE_GAME
19:28:28.357 Localization not present: STR_MP_CONNECT
19:28:28.357 Localization not present: STR_MP_DISCONNECT
19:28:28.357 Localization not present: STR_MP_CONNECTING
19:28:28.357 Localization not present: STR_MP_TIMEOUT
19:28:28.357 Localization not present: STR_DISP_CLIENT_TEXT_EDIT
19:28:28.357 Localization not present: STR_MP_LOGIN_QUEUE_FULL
19:28:28.361 Localization not present: STR_DATE_FORMAT_SHORT
19:28:28.361 Localization not present: STR_TIME_FORMAT
19:28:28.361 Localization not present: STR_CONFIG_CONTROLLER_NORMAL_LOOK
19:28:28.361 Localization not present: STR_CONFIG_CONTROLLER_REVERSED_LOOK
19:28:28.361 Localization not present: STR_MP_VALIDERROR
19:28:28.361 Localization not present: STR_MP_CONNECTION_LOOSING
19:28:28.361 Localization not present: STR_MSG_MP_NO_PASSWORD
19:28:28.361 Localization not present: STR_MSG_LAUNCH_GAME
19:28:28.361 Localization not present: STR_LOAD_INIT
19:28:28.361 Localization not present: STR_LOAD_WORLD
19:28:28.361 Localization not present: STR_LOAD_GAME
19:28:28.361 Localization not present: STR_SAVE_GAME
19:28:28.361 Localization not present: STR_MP_CONNECT
19:28:28.361 Localization not present: STR_MP_DISCONNECT
19:28:28.361 Localization not present: STR_MP_CONNECTING
19:28:28.361 Localization not present: STR_MP_TIMEOUT
19:28:28.361 Localization not present: STR_DISP_CLIENT_TEXT_EDIT
19:28:28.361 Localization not present: STR_MP_LOGIN_QUEUE_FULL
19:28:28.378 Initializing stats manager.
19:28:28.382 Stats config disabled.
19:28:31.931 Updating base class All->AllVehicles, by DZ\data\config.bin/CfgVehicles/Man/
19:28:31.931 Updating base class Transport->AllVehicles, by DZ\data\config.bin/CfgVehicles/Air/
19:28:31.950 Updating base class Name->NameIcon, by DZ\gear\navigation\config.bin/CfgLocationTypes/Hill/
19:28:31.950 Updating base class Hill->NameIcon, by DZ\gear\navigation\config.bin/CfgLocationTypes/ViewPoint/
19:28:31.950 Updating base class Hill->NameIcon, by DZ\gear\navigation\config.bin/CfgLocationTypes/RockArea/
19:28:31.950 Updating base class Hill->NameIcon, by DZ\gear\navigation\config.bin/CfgLocationTypes/BorderCrossing/
19:28:31.950 Updating base class Hill->NameIcon, by DZ\gear\navigation\config.bin/CfgLocationTypes/VegetationBroadleaf/
19:28:31.950 Updating base class Hill->NameIcon, by DZ\gear\navigation\config.bin/CfgLocationTypes/VegetationFir/
19:28:31.950 Updating base class Hill->NameIcon, by DZ\gear\navigation\config.bin/CfgLocationTypes/VegetationPalm/
19:28:31.950 Updating base class Hill->NameIcon, by DZ\gear\navigation\config.bin/CfgLocationTypes/VegetationVineyard/
19:28:32.04 Updating base class HorticultureBaseProxies->ProxyAttachment, by DZ\structures\residential\config.bin/CfgNonAIVehicles/ProxyTomato_Seeds/
19:28:32.964 Updating base class Weather->, by DZ\sounds\hpp\config.bin/CfgWorlds/CAWorld/Weather/
19:28:34.94 ENGINE    (W): No module info used, trying to identify -> 0xA1E60000

19:28:34.95 ENGINE    (W): Adjusting job system settings to have at least one job worker thread.

19:28:34.346 [Inputs] Loading inputs default "bin/constants.xml"
19:28:34.350 [Inputs] Loading inputs default "bin/specific.xml"
19:28:34.351 !!! [Inputs] Invalid input name used "UAUIInspectItem" for context "ui" in "bin/specific.xml"
19:28:34.351 [Inputs] Loading inputs cfg "profiles\Users\Survivor\Server.core.xml"
19:28:34.351 !!! [Inputs] Cannot read inputs cfg "profiles\Users\Survivor\Server.core.xml", parser error
19:28:34.351 [Inputs] Loading inputs cfg "bin/core.xml"
19:28:34.351 !!! [Inputs] Cannot load input preset "user", file does not exist
19:28:34.353 [Inputs] Exporting inputs cfg "profiles\Users\Survivor\Server.core.xml"
19:28:34.781 SCRIPT    (W): @"scripts/3_Game/systems\inventory\handfsm.c,100": Missing script declaration for method 'SgNetworkService.CreateLobby'

19:28:34.781 SCRIPT    (W): @"scripts/3_Game/systems\inventory\handfsm.c,100": Missing script declaration for method 'SgNetworkService.CancelFriend'

19:28:34.781 SCRIPT    (W): @"scripts/3_Game/systems\inventory\handfsm.c,100": Missing script declaration for method 'SgNetworkService.GameServerLoadMatchInfo'

19:28:34.782 SCRIPT    (W): @"scripts/3_Game/systems\inventory\handfsm.c,100": Missing script declaration for method 'SgNetworkService.CancelSearchForMatch'

19:28:34.782 SCRIPT    (W): @"scripts/3_Game/systems\inventory\handfsm.c,100": Missing script declaration for method 'SgNetworkService.SetLobbySlot'

19:28:34.782 SCRIPT    (W): @"scripts/3_Game/systems\inventory\handfsm.c,100": Missing script declaration for method 'SgNetworkService.LeaveLobby'

19:28:34.782 SCRIPT    (W): @"scripts/3_Game/systems\inventory\handfsm.c,100": Missing script declaration for method 'SgNetworkService.DeleteLobby'

19:28:34.782 SCRIPT    (W): @"scripts/3_Game/systems\inventory\handfsm.c,100": Missing script declaration for method 'SgNetworkService.JoinLobby'

19:28:34.782 SCRIPT    (W): @"scripts/3_Game/systems\inventory\handfsm.c,100": Missing script declaration for method 'SgNetworkService.StartLobbyGame'

19:28:34.782 SCRIPT    (W): @"scripts/3_Game/systems\inventory\handfsm.c,100": Missing script declaration for method 'SgNetworkService.GameServerReadyServer'

19:28:34.782 SCRIPT    (W): @"scripts/3_Game/systems\inventory\handfsm.c,100": Missing script declaration for method 'SgNetworkService.LeaveTeam'

19:28:34.782 SCRIPT    (W): @"scripts/3_Game/systems\inventory\handfsm.c,100": Missing script declaration for method 'SgNetworkService.LoadLobbyList'

19:28:34.782 SCRIPT    (W): @"scripts/3_Game/systems\inventory\handfsm.c,100": Missing script declaration for method 'SgNetworkService.JoinTeam'

19:28:34.782 SCRIPT    (W): @"scripts/3_Game/systems\inventory\handfsm.c,100": Missing script declaration for method 'SgNetworkService.GetUserUID'

19:28:34.782 SCRIPT    (W): @"scripts/3_Game/systems\inventory\handfsm.c,100": Missing script declaration for method 'SgNetworkService.ReadyLobbyPlayer'

19:28:34.782 SCRIPT    (W): @"scripts/3_Game/systems\inventory\handfsm.c,100": Missing script declaration for method 'SgNetworkService.GetService'

19:28:34.782 SCRIPT    (W): @"scripts/3_Game/systems\inventory\handfsm.c,100": Missing script declaration for method 'SgNetworkService.GameServerFinishGame'

19:28:34.782 SCRIPT    (W): @"scripts/3_Game/systems\inventory\handfsm.c,100": Missing script declaration for method 'SgNetworkService.InviteFriend'

19:28:34.782 SCRIPT    (W): @"scripts/3_Game/systems\inventory\handfsm.c,100": Missing script declaration for method 'SgNetworkService.StartSearchForMatch'

19:28:34.782 SCRIPT    (W): @"scripts/3_Game/human.c,1030": Missing script declaration for method 'HumanCommandScript.PostPhys_LockRotation'

19:28:34.782 SCRIPT    (W): @"scripts/3_Game/human.c,284": Method not linked 'HumanAnimInterface.SetInt'

19:28:34.782 SCRIPT    (W): @"scripts/3_Game/human.c,285": Method not linked 'HumanAnimInterface.SetBool'

19:28:34.782 SCRIPT    (W): @"scripts/3_Game/human.c,280": Method not linked 'HumanAnimInterface.CallCommand'

19:28:34.782 SCRIPT    (W): @"scripts/3_Game/human.c,283": Method not linked 'HumanAnimInterface.SetFloat'

19:28:34.782 SCRIPT    (W): @"scripts/3_Game/systems\inventory\humaninventory.c,48": Method not linked 'HumanInventory.GetFirstUserReservedLocationForContainer'

19:28:34.782 SCRIPT    (W): @"scripts/3_Game/systems\inventory\humaninventory.c,9": Missing script declaration for method 'HumanInventory.FindFirstUserReservedLocationIndexForContainer'

19:28:34.826 SCRIPT    (W): @"scripts/3_Game/entities\inventoryitem.c,120": Unsafe down-casting, use 'Object.Cast' for safe down-casting

19:28:34.894 ANIMATION (E): Can't load "/Anims/cfg/skeletons.anim.xml

19:28:34.894 ANIMATION (E): Failed to open file, line 0, column 0

19:28:34.894 ANIMATION (E): Can't load "@Trader/Anims/cfg/skeletons.anim.xml

19:28:34.894 ANIMATION (E): Failed to open file, line 0, column 0

19:28:34.894 ANIMATION (E): Can't load Bliss/Anims/cfg/skeletons.anim.xml

19:28:34.894 ANIMATION (E): Failed to open file, line 0, column 0

19:28:35.96 Warning Message: 'soundSetNear/' is not a value
19:28:35.96 Warning Message: 'soundSetFar/' is not a value
19:28:35.96 Warning Message: 'soundSetNear/' is not a value
19:28:35.96 Warning Message: 'soundSetFar/' is not a value
19:28:35.96 Warning Message: 'soundSetNear/' is not a value
19:28:35.96 Warning Message: 'soundSetFar/' is not a value
19:28:35.96 Warning Message: 'soundSetNear/' is not a value
19:28:35.96 Warning Message: 'soundSetFar/' is not a value
19:28:35.96 Warning Message: No entry 'bin\config.bin/CfgWorlds/DefaultWorld.volFogOffset'.
19:28:35.96 Warning Message: '/' is not a value
19:28:36.758 SCRIPT    (W): @"scripts/4_World/entities\dayzplayerimplement.c,27": Unsafe down-casting, use 'PlayerBase.Cast' for safe down-casting

19:28:36.889 SCRIPT    (W): @"scripts/4_World/entities\itembase.c,551": Unsafe down-casting, use 'PlayerBase.Cast' for safe down-casting

19:28:37.437 RENDER    (E): Cannot find PP effect CloudsEffect, is the name correct?

19:28:37.439 MATERIAL  (E): Can't load 'DropRefractionTex' 'graphics/textures/postprocess/drop_refraction.edds', in material @"Graphics/Materials/postprocess/rain.emat"

19:28:37.465 MATERIAL  (E): Can't load 'DistantTex' 'graphics/textures/postprocess/raindistantmask.edds', in material @"Graphics/Materials/postprocess/rain.emat"

19:28:37.473 MATERIAL  (E): Can't load 'RotationNoiseMap' 'graphics/textures/postprocess/noise.edds', in material @"Graphics/Materials/postprocess/rain.emat"

19:28:37.473 MATERIAL  (E): Can't load 'RipplesMap' 'graphics/textures/postprocess/ripple.edds', in material @"Graphics/Materials/postprocess/rain.emat"

19:28:37.564 MATERIAL  (E): Can't load 'MovableMap' 'graphics/textures/postprocess/rainripplesmovable.edds', in material @"Graphics/Materials/postprocess/rain.emat"

19:28:37.570 MATERIAL  (E): Can't load 'MovableNoiseMap' 'graphics/textures/postprocess/rainripplesmovablenoise.edds', in material @"Graphics/Materials/postprocess/rain.emat"

19:28:37.573 MATERIAL  (E): Can't load 'ColorTable' 'graphics/textures/postprocess/color_test.edds', in material @"Graphics/Materials/postprocess/colorgrading.emat"

19:28:37.750 Warning: CfgWeapons missing in PreloadConfig - may slow down vehicle creation
19:28:37.750 Warning: CfgMagazines missing in PreloadConfig - may slow down vehicle creation
19:28:37.750 String "STR_DN_UNKNOWN" not found
19:28:37.750 String "STR_DN_UNKNOWN" not found
19:28:37.750 String "STR_DN_CAR" not found
19:28:37.750 String "STR_DN_UNKNOWN" not found
19:28:37.750 String "STR_DN_HELICOPTER" not found
19:28:37.751 String "STR_DN_HELICOPTER" not found
19:28:37.751 String "STR_DN_MAN" not found
19:28:37.751 String "STR_DN_ANIMAL" not found
19:28:37.751 String "STR_DN_UNKNOWN" not found
19:28:37.751 String "STR_DN_BUNKER" not found
19:28:37.751 String "STR_DN_UNKNOWN" not found
19:28:37.751 String "STR_DN_UNKNOWN" not found
19:28:37.752 String "STR_DN_UNKNOWN" not found
19:28:37.752 String "STR_DN_UNKNOWN" not found
19:28:37.752 String "STR_DN_MAN" not found
19:28:37.752 String "STR_DN_MAN" not found
19:28:37.752 String "STR_DN_MAN" not found
19:28:37.762 Error: unable to load scope in bin\config.bin/CfgVehicles/Land_Tunnel_Biathlon_Left/
19:28:37.762 Error: unable to load scope in bin\config.bin/CfgVehicles/Land_Tunnel_Biathlon_Right/
19:28:37.763 String "STR_DN_CAR" not found
19:28:37.766 String "STR_DN_ANIMAL" not found
19:28:37.766 String "STR_DN_ANIMAL" not found
19:28:37.902 String "STR_DN_MAN" not found
19:28:37.912 String "STR_DN_CAR" not found
19:28:38.392 Unrecognized CfgNonAIVehicles simulation seagull in bin\config.bin/CfgNonAIVehicles/Bird/
19:28:38.392 Unrecognized CfgNonAIVehicles simulation seagull in bin\config.bin/CfgNonAIVehicles/Insect/
19:28:38.701 Warning Message: No entry 'bin\config.bin.RscPendingInvitation'.
19:28:38.701 Warning Message: No entry '.x'.
19:28:38.701 Warning Message: '/' is not a value
19:28:38.701 Warning Message: No entry '.y'.
19:28:38.701 Warning Message: '/' is not a value
19:28:38.701 Warning Message: No entry '.w'.
19:28:38.701 Warning Message: '/' is not a value
19:28:38.701 Warning Message: No entry '.h'.
19:28:38.701 Warning Message: '/' is not a value
19:28:38.911 SUCCESS: SteamGameServer_Init(0,8766,2302,27016,3,1.07.153006)
19:28:38.913 Server: SetClientState dpid=2 id=0 name=__SERVER__ CREATED -> CONNECTED
19:28:38.962 Server: SetClientState dpid=2 id=0 name=__SERVER__ MISSION SELECTED -> PLAYER ASSIGNED
19:28:38.962 Server: SetClientState dpid=2 id=0 name=__SERVER__ PLAYER ASSIGNED -> MISSION RECEIVED
19:28:38.977 Terrain normal texture loaded (dz\worlds\chernarusplus\data\global_nohq.paa)...
19:28:41.414 PerfWarning: Way too much components (582) in dz\structures\industrial\power\power_station.p3d:geometryFire
19:28:41.433 PerfWarning: Way too much components (564) in dz\structures\military\houses\mil_barracks5.p3d:geometryFire
19:28:41.582 PerfWarning: Way too much components (948) in dz\structures\specific\prison\prison_wall_large.p3d:geometryFire
19:28:41.678 PerfWarning: Way too much components (742) in dz\structures\residential\police\village_policestation.p3d:geometryFire
19:28:41.722 Convex "component117" selection faces are less then 4 in dz\structures\residential\houses\house_1w08.p3d:geometryView
19:28:41.722 Convex "component120" selection faces are less then 4 in dz\structures\residential\houses\house_1w08.p3d:geometryView
19:28:41.924 PerfWarning: Way too much components (534) in dz\structures\specific\churches\church2_2.p3d:geometryFire
19:28:41.931 Warn: Shape '???' contains water texture however it does not carry a property "class=pond". Consider creating one to speed up the detection!
19:28:41.942 Warning Message: unable to load doorCarSmallRattle from CfgActionSounds
19:28:41.991 PerfWarning: Way too much components (641) in dz\structures\residential\tenements\tenement_small.p3d:geometryFire
19:28:42.53 PerfWarning: Way too much components (516) in dz\structures\residential\tenements\tenement_big.p3d:geometry
19:28:42.56 PerfWarning: Way too much components (642) in dz\structures\residential\tenements\tenement_big.p3d:geometryFire
19:28:42.185 PerfWarning: Way too much components (777) in dz\structures\residential\schools\city_school.p3d:geometryFire
19:28:42.234 PerfWarning: Way too much components (1187) in dz\structures\residential\schools\proxy\school_exterior_proxy.p3d:geometryFire
19:28:42.549 PerfWarning: Way too much components (501) in dz\structures\wrecks\vehicles\wreck_volha_grey.p3d:geometryFire
19:28:42.883 Warn: Shape '???' contains water texture however it does not carry a property "class=pond". Consider creating one to speed up the detection!
19:28:42.884 Warn: Shape '???' contains water texture however it does not carry a property "class=pond". Consider creating one to speed up the detection!
19:28:42.898 PerfWarning: Way too much components (804) in dz\structures\residential\offices\office_municipal1.p3d:geometryFire
19:28:42.964 PerfWarning: Way too much components (804) in dz\structures\residential\police\city_policestation.p3d:geometryFire
19:28:43.48 PerfWarning: Way too much components (677) in dz\structures\residential\medical\city_hospital.p3d:geometryFire
19:28:43.77 PerfWarning: Way too much components (566) in dz\structures\residential\stores\city_store_withstairs.p3d:geometryFire
19:28:43.99 Warn: Shape '???' contains water texture however it does not carry a property "class=pond". Consider creating one to speed up the detection!
19:28:43.129 PerfWarning: Way too much components (1200) in dz\structures\residential\offices\office2.p3d:geometryFire
19:28:43.140 PerfWarning: Way too much components (506) in dz\structures\residential\offices\proxy\a_office02_metalbars.p3d:geometryFire
19:28:43.155 Warn: Shape '???' contains water texture however it does not carry a property "class=pond". Consider creating one to speed up the detection!
19:28:43.261 Warn: Shape '???' contains water texture however it does not carry a property "class=pond". Consider creating one to speed up the detection!
19:28:43.261 Warn: Shape '???' contains water texture however it does not carry a property "class=pond". Consider creating one to speed up the detection!
19:28:43.261 Warn: Shape '???' contains water texture however it does not carry a property "class=pond". Consider creating one to speed up the detection!
19:28:43.263 Warn: Shape '???' contains water texture however it does not carry a property "class=pond". Consider creating one to speed up the detection!
19:28:43.263 Warn: Shape '???' contains water texture however it does not carry a property "class=pond". Consider creating one to speed up the detection!
19:28:43.332 PerfWarning: Way too much components (558) in dz\structures\industrial\misc\misc_scaffolding.p3d:geometryFire
19:28:43.544 PerfWarning: Way too much components (1027) in dz\structures\residential\offices\office1.p3d:geometryFire
19:28:43.602 SW keep height animation used for dz\structures\residential\misc\misc_football_line.p3d
19:28:43.643 PerfWarning: Way too much components (982) in dz\structures\industrial\houses\factory_small.p3d:geometryFire
19:28:43.676 PerfWarning: Way too much components (628) in dz\structures\ruins\rubble_dirtpile_medium2.p3d:geometryFire
19:28:43.723 Warning Message: No entry 'bin\config.bin/CfgVehicles/Land_Train_Wagon_Box/Doors/Door1.soundOpenABit'.
19:28:43.723 Warning Message: '/' is not a value
19:28:43.723 Warning Message: unable to load doorWoodRattle from CfgActionSounds
19:28:43.723 Warning Message: No entry 'bin\config.bin/CfgVehicles/Land_Train_Wagon_Box/Doors/Door2.soundOpenABit'.
19:28:43.723 Warning Message: '/' is not a value
19:28:44.14 PerfWarning: Way too much components (546) in dz\structures\military\houses\mil_guardhouse2.p3d:geometryFire
19:28:44.47 PerfWarning: Way too much components (709) in dz\structures\residential\firedep\city_firestation.p3d:geometryFire
19:28:44.108 PerfWarning: Way too much components (603) in dz\structures\rail\houses\rail_warehouse_small.p3d:geometryFire
19:28:44.159 PerfWarning: Way too much components (859) in dz\structures\residential\medical\village_healthcare.p3d:geometryFire
19:28:45.331 PerfWarning: Way too much components (715) in dz\structures\industrial\houses\factory_lathes.p3d:geometryFire
19:28:45.360 PerfWarning: Way too much components (633) in dz\structures\industrial\houses\proxy\housev2_03_int.p3d:geometryFire
19:28:45.442 PerfWarning: Way too much components (660) in dz\structures\military\airfield\mil_airfield_hq.p3d:geometryFire
19:28:45.549 PerfWarning: Way too much components (502) in dz\structures\industrial\construction\construction_house2.p3d:geometryFire
19:28:45.652 PerfWarning: Way too much components (660) in dz\structures\ruins\rubble_dirtpile_small.p3d:geometryFire
19:28:45.972 PerfWarning: Way too much components (560) in dz\structures\industrial\farms\barn_wood1.p3d:geometryFire
19:28:46.393 PerfWarning: Way too much components (912) in dz\structures\military\tisy\tisy_hq.p3d:geometryFire
19:28:47.600 PerfWarning: Way too much components (1212) in dz\structures\residential\offices\office_municipal2.p3d:geometryFire
19:28:47.631 PerfWarning: Way too much components (1024) in dz\structures\residential\offices\proxy\municipaloffice2_details_proxy.p3d:geometryFire
19:28:47.642 PerfWarning: Way too much components (707) in dz\structures\residential\offices\proxy\municipaloffice2_int.p3d:geometryFire
19:28:47.864 PerfWarning: Way too much components (505) in dz\structures\military\improvised\hbarrier_6m.p3d:geometryView
19:29:13.391 [CE][Hive] :: Initializing OFFLINE
19:29:13.392 [CE][Hive] :: Loading core data ... 
19:29:13.397 [CE][CoreData] :: 7 root classes, 18 defaults, 0 updaters...
19:29:13.775 PerfWarning: Way too much components (1020) in dz\structures\industrial\cementworks\cementworks_expeditiona.p3d:geometryFire
19:29:13.848 PerfWarning: Way too much components (954) in dz\structures\industrial\cementworks\cementworks_millb.p3d:geometryFire
19:29:13.963 PerfWarning: Way too much components (1459) in dz\structures\industrial\construction\construction_building.p3d:geometryFire
19:29:13.983 PerfWarning: Way too much components (601) in dz\structures\industrial\construction\construction_crane.p3d:geometryFire
19:29:14.00 PerfWarning: Way too much components (502) in dz\structures\industrial\construction\construction_house2.p3d:geometryFire
19:29:14.36 PerfWarning: Way too much components (560) in dz\structures\industrial\farms\barn_wood1.p3d:geometryFire
19:29:14.60 PerfWarning: Way too much components (1041) in dz\structures\industrial\farms\barn_metal_big.p3d:geometryFire
19:29:14.77 PerfWarning: Way too much components (1041) in dz\structures\industrial\farms\barn_metal_big_grey.p3d:geometryFire
19:29:14.133 PerfWarning: Way too much components (658) in dz\structures\industrial\harbour\boathouse.p3d:geometryFire
19:29:14.165 PerfWarning: Way too much components (715) in dz\structures\industrial\houses\factory_lathes.p3d:geometryFire
19:29:14.180 PerfWarning: Way too much components (982) in dz\structures\industrial\houses\factory_small.p3d:geometryFire
19:29:14.213 PerfWarning: Way too much components (700) in dz\structures\industrial\mines\mine_building.p3d:geometryFire
19:29:14.224 PerfWarning: Way too much components (558) in dz\structures\industrial\misc\misc_scaffolding.p3d:geometryFire
19:29:14.265 PerfWarning: Way too much components (582) in dz\structures\industrial\power\power_station.p3d:geometryFire
19:29:14.290 PerfWarning: Way too much components (529) in dz\structures\industrial\sawmills\sawmill_building.p3d:geometryFire
19:29:14.371 PerfWarning: Way too much components (660) in dz\structures\military\airfield\mil_airfield_hq.p3d:geometryFire
19:29:14.391 PerfWarning: Way too much components (732) in dz\structures\military\airfield\mil_atc_small.p3d:geometryFire
19:29:14.434 PerfWarning: Way too much components (631) in dz\structures\military\airfield\mil_atc_big.p3d:geometryFire
19:29:14.439 PerfWarning: Way too much components (634) in dz\structures\military\airfield\mil_atc_big.p3d:geometryView
19:29:14.489 PerfWarning: Way too much components (564) in dz\structures\military\houses\mil_barracks5.p3d:geometryFire
19:29:14.528 PerfWarning: Way too much components (546) in dz\structures\military\houses\mil_guardhouse2.p3d:geometryFire
19:29:14.549 PerfWarning: Way too much components (592) in dz\structures\military\houses\mil_guardtower.p3d:geometryFire
19:29:14.609 PerfWarning: Way too much components (912) in dz\structures\military\tisy\tisy_hq.p3d:geometryFire
19:29:14.637 PerfWarning: Way too much components (866) in dz\structures\military\tisy\tisy_radarb_base.p3d:geometryView
19:29:14.661 PerfWarning: Way too much components (601) in dz\structures\military\tisy\tisy_radarb_antenna.p3d:geometryFire
19:29:14.688 PerfWarning: Way too much components (634) in dz\structures\military\airfield\airfield_hangar_green.p3d:geometryFire
19:29:14.706 PerfWarning: Way too much components (627) in dz\structures\military\airfield\airfield_servicehangar_r.p3d:geometryFire
19:29:14.727 PerfWarning: Way too much components (566) in dz\structures\military\airfield\airfield_servicehangar_l.p3d:geometryFire
19:29:14.767 PerfWarning: Way too much components (1117) in dz\structures\military\airfield\airfield_radar_tall.p3d:geometryFire
19:29:14.804 PerfWarning: Way too much components (1046) in dz\structures\military\airfield\mil_reinforcedtank2.p3d:geometryFire
19:29:14.851 PerfWarning: Way too much components (603) in dz\structures\rail\houses\rail_warehouse_small.p3d:geometryFire
19:29:14.884 PerfWarning: Way too much components (709) in dz\structures\residential\firedep\city_firestation.p3d:geometryFire
19:29:15.97 Convex "component117" selection faces are less then 4 in dz\structures\residential\houses\house_1w08.p3d:geometryView
19:29:15.97 Convex "component120" selection faces are less then 4 in dz\structures\residential\houses\house_1w08.p3d:geometryView
19:29:15.200 PerfWarning: Way too much components (677) in dz\structures\residential\medical\city_hospital.p3d:geometryFire
19:29:15.214 PerfWarning: Way too much components (859) in dz\structures\residential\medical\village_healthcare.p3d:geometryFire
19:29:15.234 PerfWarning: Way too much components (999) in dz\structures\residential\medical\medical_tent_big.p3d:geometryFire
19:29:15.269 PerfWarning: Way too much components (804) in dz\structures\residential\offices\office_municipal1.p3d:geometryFire
19:29:15.295 PerfWarning: Way too much components (1212) in dz\structures\residential\offices\office_municipal2.p3d:geometryFire
19:29:15.319 PerfWarning: Way too much components (1027) in dz\structures\residential\offices\office1.p3d:geometryFire
19:29:15.345 PerfWarning: Way too much components (1200) in dz\structures\residential\offices\office2.p3d:geometryFire
19:29:15.361 PerfWarning: Way too much components (742) in dz\structures\residential\police\village_policestation.p3d:geometryFire
19:29:15.379 PerfWarning: Way too much components (804) in dz\structures\residential\police\city_policestation.p3d:geometryFire
19:29:15.427 PerfWarning: Way too much components (777) in dz\structures\residential\schools\city_school.p3d:geometryFire
19:29:15.463 PerfWarning: Way too much components (566) in dz\structures\residential\stores\city_store_withstairs.p3d:geometryFire
19:29:15.483 PerfWarning: Way too much components (516) in dz\structures\residential\tenements\tenement_big.p3d:geometry
19:29:15.487 PerfWarning: Way too much components (642) in dz\structures\residential\tenements\tenement_big.p3d:geometryFire
19:29:15.504 PerfWarning: Way too much components (641) in dz\structures\residential\tenements\tenement_small.p3d:geometryFire
19:29:15.556 PerfWarning: Way too much components (547) in dz\structures\specific\airfields\airfield_small_control.p3d:geometryFire
19:29:15.682 PerfWarning: Way too much components (515) in dz\structures\specific\hotel\hotel.p3d:geometryFire
19:29:15.708 PerfWarning: Way too much components (534) in dz\structures\specific\churches\church2_2.p3d:geometryFire
19:29:15.754 PerfWarning: Way too much components (753) in dz\structures\specific\lunapark\lunapark_carousel_swan.p3d:geometryFire
19:29:15.759 PerfWarning: Way too much components (595) in dz\structures\specific\lunapark\lunapark_carousel_swan.p3d:geometryView
19:29:15.826 PerfWarning: Way too much components (797) in dz\structures\specific\prison\prison_main.p3d:geometryFire
19:29:15.869 PerfWarning: Way too much components (948) in dz\structures\specific\prison\prison_wall_large.p3d:geometryFire
19:29:15.916 PerfWarning: Way too much components (744) in dz\structures\specific\towers\tower_tc2_base.p3d:geometryFire
19:29:16.32 PerfWarning: Way too much components (832) in dz\structures\wrecks\ships\ship_big_fronta.p3d:geometryFire
19:29:16.70 PerfWarning: Way too much components (1170) in dz\structures\wrecks\ships\ship_big_frontb.p3d:geometryFire
19:29:16.97 PerfWarning: Way too much components (761) in dz\structures\wrecks\ships\ship_big_backa.p3d:geometryFire
19:29:16.136 PerfWarning: Way too much components (1078) in dz\structures\wrecks\ships\ship_big_backb.p3d:geometryFire
19:29:16.168 PerfWarning: Way too much components (625) in dz\structures\wrecks\ships\ship_big_castle.p3d:geometry
19:29:16.179 PerfWarning: Way too much components (905) in dz\structures\wrecks\ships\ship_big_castle.p3d:geometryFire
19:29:16.184 PerfWarning: Way too much components (504) in dz\structures\wrecks\ships\ship_big_castle.p3d:geometryView
19:29:16.283 PerfWarning: Way too much components (501) in dz\structures\wrecks\vehicles\wreck_volha_grey.p3d:geometryFire
19:29:16.313 PerfWarning: Way too much components (570) in dz\structures\wrecks\aircraft\wreck_c130j.p3d:geometryFire
19:29:16.393 Convex "component11" selection faces are less then 4 in dz\structures\wrecks\vehicles\wreck_sed02_aban2_yellow.p3d:geometryView
19:29:16.450 Convex "component118" selection faces are less then 4 in dz\structures_bliss\industrial\sheds\shed_closed2.p3d:geometryView
19:29:16.450 Convex "component119" selection faces are less then 4 in dz\structures_bliss\industrial\sheds\shed_closed2.p3d:geometryView
19:29:16.598 PerfWarning: Way too much components (859) in dz\structures_bliss\residential\medical\village_healthcare_enoch.p3d:geometryFire
19:29:16.652 PerfWarning: Way too much components (805) in dz\structures_bliss\residential\police\city_policestation_enoch.p3d:geometryFire
19:29:16.697 PerfWarning: Way too much components (742) in dz\structures_bliss\residential\police\village_policestation_enoch.p3d:geometryFire
19:29:17.513 Convex "component129" selection faces are less then 4 in dz\structures_bliss\ruins\ruin_housebig3_half.p3d:geometryView
19:29:17.536 Convex "component129" selection faces are less then 4 in dz\structures_bliss\ruins\ruin_housebig3_noivy_half.p3d:geometryView
19:29:18.86 Warning Message: Cannot open object dz\vehicles\wheeled\truck_02\proxy\truck_02_ruined.p3d
19:29:18.86 !!! Shape Truck_02_Wheel_Ruined does not have defined min&max for loot's BBox.
19:29:19.178 Convex "component01" selection faces are less then 4 in dz\gear\cooking\fireplace.p3d:geometry
19:29:19.178 Convex "component02" selection faces are less then 4 in dz\gear\cooking\fireplace.p3d:geometry
19:29:19.178 Convex "component03" selection faces are less then 4 in dz\gear\cooking\fireplace.p3d:geometry
19:29:19.546 [CE] :: WARNING :: Preset map "optics" is EMPTY.
19:29:19.555 [CE][TypeSetup] :: 414 classes setuped...
19:29:19.952 [CE][RegisterBind] :: 0 classes binded...
19:29:19.952 [CE][RegisterConfig] :: 2909 config classes registered, 1 sub-counters...
19:29:19.952 [CE][Hive] :: Loading map data ... 
19:29:20.171 !!! [CE] :: Unknown category: 'vehicleparts'.
19:29:20.171 !!! [CE] :: Unknown category: 'vehicleparts'.
19:29:20.171 !!! [CE] :: Unknown category: 'vehicleparts'.
19:29:20.171 !!! [CE] :: Unknown category: 'vehicleparts'.
19:29:20.171 !!! [CE] :: Unknown category: 'vehicleparts'.
19:29:20.171 !!! [CE] :: Unknown category: 'vehicleparts'.
19:29:20.171 !!! [CE] :: Unknown category: 'vehicleparts'.
19:29:20.171 !!! [CE] :: Unknown category: 'vehicleparts'.
19:29:20.171 !!! [CE] :: Unknown category: 'vehicleparts'.
19:29:20.172 !!! [CE] :: Unknown category: 'vehicleparts'.
19:29:20.172 !!! [CE] :: Unknown category: 'vehicleparts'.
19:29:20.172 !!! [CE] :: Unknown category: 'vehicleparts'.
19:29:20.172 !!! [CE] :: Unknown category: 'vehicleparts'.
19:29:20.172 !!! [CE] :: Unknown category: 'vehicleparts'.
19:29:20.172 !!! [CE] :: Unknown category: 'vehicleparts'.
19:29:20.172 !!! [CE] :: Unknown category: 'vehicleparts'.
19:29:20.172 !!! [CE] :: Unknown category: 'vehicleparts'.
19:29:20.172 !!! [CE] :: Unknown category: 'vehicleparts'.
19:29:20.172 !!! [CE] :: Unknown category: 'vehicleparts'.
19:29:20.172 !!! [CE] :: Unknown category: 'vehicleparts'.
19:29:20.172 !!! [CE] :: Unknown category: 'vehicleparts'.
19:29:20.172 !!! [CE] :: Unknown category: 'vehicleparts'.
19:29:20.172 !!! [CE] :: Unknown category: 'vehicleparts'.
19:29:20.172 !!! [CE] :: Unknown category: 'vehicleparts'.
19:29:20.172 [CE][LoadPrototype] :: loaded 329 prototypes
19:29:20.172   701 containers, 9110 points
19:29:20.172   24 dispatches, 90 proxies
19:29:20.172 !!! [CE][LoadPrototype] 12 groups have no points...
19:29:20.172 !!![CE][LoadPrototype]  3 groups have wrong points...
19:29:20.172 [CE][LoadPrototype] :: last group name: Land_Lunapark_Autodrome...
19:29:20.198 [CE][LoadPrototype] :: loaded 0 prototypes
19:29:20.198   0 containers, 0 points
19:29:20.198   0 dispatches, 0 proxies
19:29:20.198 [CE][LoadPrototype] :: last group name: Rail9...
19:29:21.989 [CE][LoadMap] "Group" :: loaded 11630 groups, largest group range: 34.2
19:29:21.999 [CE][LoadMap] "Dirt" :: loaded 0 groups, largest group range: 34.2
19:29:23.284 [CE][Links] found 1966 total links between groups, of 11630
19:29:23.284 [CE][LoadClusters] "Cluster" :: Loading files...
19:29:23.904 [CE][LoadClusters] :: file: "mapgroupcluster.xml", 9 types, 50000 instances
19:29:24.723 [CE][LoadClusters] :: file: "mapgroupcluster01", 9 types, 50000 instances
19:29:25.473 [CE][LoadClusters] :: file: "mapgroupcluster02", 9 types, 50000 instances
19:29:26.233 [CE][LoadClusters] :: file: "mapgroupcluster03", 9 types, 50000 instances
19:29:26.575 [CE][LoadClusters] :: file: "mapgroupcluster04", 9 types, 17204 instances
19:29:26.592 [CE][Storage] ver:21 stamp:3783, valid:yes, name:"mpmissions\dayzOffline.chernarusplus\storage_1\data\types.bin"
19:29:26.593 [CE][Storage] ver:21 stamp:3780, valid:yes, name:"mpmissions\dayzOffline.chernarusplus\storage_1\data\types.001"
19:29:26.594 [CE][Storage] ver:21 stamp:3781, valid:yes, name:"mpmissions\dayzOffline.chernarusplus\storage_1\data\types.002"
19:29:26.595 [CE][Storage] Restoring file "mpmissions\dayzOffline.chernarusplus\storage_1\data\types.bin".
19:29:26.703 [CE][offlineDB] :: Loaded 37 dynamic events 216 total types 0 total positions.
19:29:26.817 [CE][Storage] ver:21 stamp:3783, valid:yes, name:"mpmissions\dayzOffline.chernarusplus\storage_1\data\events.bin"
19:29:26.818 [CE][Storage] ver:21 stamp:3780, valid:yes, name:"mpmissions\dayzOffline.chernarusplus\storage_1\data\events.001"
19:29:26.819 [CE][Storage] ver:21 stamp:3781, valid:yes, name:"mpmissions\dayzOffline.chernarusplus\storage_1\data\events.002"
19:29:26.819 [CE][Storage] Restoring file "mpmissions\dayzOffline.chernarusplus\storage_1\data\events.bin".
19:29:26.820 [CE][DynamicEvent] Load  Events:[37] Primary spawners: 37 Secondary spawners: 1
19:29:26.820 
19:29:26.820 [CE][DE] Scaling Spawner: 4
19:29:26.820 100 % == 1000 pcs
19:29:26.820 
19:29:26.820 [0] InfectedArmy :: dmax: 329.0, 9.0 % == 89 pcs
19:29:26.820 ZmbM_PatrolNormal_Autumn :: 30 % min: 27, max: 27
19:29:26.820 ZmbM_PatrolNormal_Flat :: 10 % min: 9, max: 9
19:29:26.820 ZmbM_PatrolNormal_PautRev :: 20 % min: 17, max: 17
19:29:26.820 ZmbM_PatrolNormal_Summer :: 10 % min: 9, max: 9
19:29:26.820 ZmbM_SoldierNormal :: 20 % min: 18, max: 18
19:29:26.820 ZmbM_usSoldier_normal_Desert :: 5 % min: 5, max: 5
19:29:26.820 ZmbM_usSoldier_normal_Woodland :: 5 % min: 4, max: 4
19:29:26.820   pcs: 89
19:29:26.820 
19:29:26.820 [1] InfectedCity :: dmax: 381.0, 10.4 % == 103 pcs
19:29:26.820 ZmbF_BlueCollarFat_White :: 5 % min: 5, max: 5
19:29:26.820 ZmbF_CitizenANormal_Beige :: 5 % min: 5, max: 5
19:29:26.820 ZmbF_CitizenANormal_Blue :: 5 % min: 5, max: 5
19:29:26.820 ZmbF_CitizenANormal_Brown :: 5 % min: 6, max: 6
19:29:26.820 ZmbF_CitizenBSkinny :: 5 % min: 5, max: 5
19:29:26.820 ZmbF_Clerk_Normal_Blue :: 5 % min: 5, max: 5
19:29:26.820 ZmbF_Clerk_Normal_Green :: 5 % min: 5, max: 5
19:29:26.820 ZmbF_Clerk_Normal_Red :: 5 % min: 5, max: 5
19:29:26.820 ZmbF_Clerk_Normal_White :: 5 % min: 5, max: 5
19:29:26.820 ZmbF_JournalistNormal_Blue :: 5 % min: 6, max: 6
19:29:26.820 ZmbF_JournalistNormal_Green :: 5 % min: 5, max: 5
19:29:26.820 ZmbF_JournalistNormal_Red :: 5 % min: 5, max: 5
19:29:26.820 ZmbF_JournalistNormal_White :: 5 % min: 5, max: 5
19:29:26.820 ZmbF_ShortSkirt_beige :: 5 % min: 5, max: 5
19:29:26.820 ZmbF_ShortSkirt_black :: 5 % min: 5, max: 5
19:29:26.820 ZmbF_ShortSkirt_brown :: 5 % min: 5, max: 5
19:29:26.820 ZmbF_ShortSkirt_checks :: 5 % min: 6, max: 6
19:29:26.820 ZmbF_ShortSkirt_green :: 5 % min: 5, max: 5
19:29:26.820 ZmbF_ShortSkirt_grey :: 5 % min: 5, max: 5
19:29:26.820 ZmbF_ShortSkirt_red :: 5 % min: 5, max: 5
19:29:26.820 ZmbF_ShortSkirt_stripes :: 5 % min: 0, max: 0
19:29:26.820 ZmbF_ShortSkirt_white :: 5 % min: 0, max: 0
19:29:26.820 ZmbF_ShortSkirt_yellow :: 5 % min: 0, max: 0
19:29:26.820 ZmbF_SkaterYoung_Brown :: 5 % min: 0, max: 0
19:29:26.820 ZmbF_SkaterYoung_Striped :: 5 % min: 0, max: 0
19:29:26.820 ZmbF_SkaterYoung_Violet :: 5 % min: 0, max: 0
19:29:26.820 ZmbF_SurvivorNormal_Blue :: 5 % min: 0, max: 0
19:29:26.820 ZmbF_SurvivorNormal_Orange :: 5 % min: 0, max: 0
19:29:26.820 ZmbF_SurvivorNormal_Red :: 5 % min: 0, max: 0
19:29:26.820 ZmbF_SurvivorNormal_White :: 5 % min: 0, max: 0
19:29:26.820 ZmbM_CitizenASkinny_Blue :: 5 % min: 0, max: 0
19:29:26.820 ZmbM_CitizenASkinny_Brown :: 5 % min: 0, max: 0
19:29:26.820 ZmbM_CitizenASkinny_Grey :: 5 % min: 0, max: 0
19:29:26.820 ZmbM_CitizenASkinny_Red :: 5 % min: 0, max: 0
19:29:26.820 ZmbM_CitizenBFat_Blue :: 5 % min: 0, max: 0
19:29:26.820 ZmbM_CitizenBFat_Green :: 5 % min: 0, max: 0
19:29:26.820 ZmbM_CitizenBFat_Red :: 5 % min: 0, max: 0
19:29:26.820 ZmbM_ClerkFat_Brown :: 5 % min: 0, max: 0
19:29:26.821 ZmbM_ClerkFat_Grey :: 5 % min: 0, max: 0
19:29:26.821 ZmbM_ClerkFat_Khaki :: 5 % min: 0, max: 0
19:29:26.821 ZmbM_ClerkFat_White :: 5 % min: 0, max: 0
19:29:26.821 ZmbM_CommercialPilotOld_Blue :: 5 % min: 0, max: 0
19:29:26.821 ZmbM_CommercialPilotOld_Brown :: 5 % min: 0, max: 0
19:29:26.821 ZmbM_CommercialPilotOld_Grey :: 5 % min: 0, max: 0
19:29:26.821 ZmbM_CommercialPilotOld_Olive :: 5 % min: 0, max: 0
19:29:26.821 ZmbM_Jacket_beige :: 5 % min: 0, max: 0
19:29:26.821 ZmbM_Jacket_black :: 5 % min: 0, max: 0
19:29:26.821 ZmbM_Jacket_blue :: 5 % min: 0, max: 0
19:29:26.821 ZmbM_Jacket_bluechecks :: 5 % min: 0, max: 0
19:29:26.821 ZmbM_Jacket_brown :: 5 % min: 0, max: 0
19:29:26.821 ZmbM_Jacket_greenchecks :: 5 % min: 0, max: 0
19:29:26.821 ZmbM_Jacket_grey :: 5 % min: 0, max: 0
19:29:26.821 ZmbM_Jacket_khaki :: 5 % min: 0, max: 0
19:29:26.821 ZmbM_Jacket_magenta :: 5 % min: 0, max: 0
19:29:26.821 ZmbM_Jacket_stripes :: 5 % min: 0, max: 0
19:29:26.821 ZmbM_JournalistSkinny :: 5 % min: 0, max: 0
19:29:26.821 ZmbM_MotobikerFat_Beige :: 5 % min: 0, max: 0
19:29:26.821 ZmbM_MotobikerFat_Black :: 5 % min: 0, max: 0
19:29:26.821 ZmbM_SkaterYoung_Blue :: 5 % min: 0, max: 0
19:29:26.821 ZmbM_SkaterYoung_Brown :: 5 % min: 0, max: 0
19:29:26.821 ZmbM_SkaterYoung_Green :: 5 % min: 0, max: 0
19:29:26.821 ZmbM_SkaterYoung_Grey :: 5 % min: 0, max: 0
19:29:26.821   pcs: 103
19:29:26.821 
19:29:26.821 [2] InfectedFirefighter :: dmax: 28.0, 0.8 % == 7 pcs
19:29:26.821 ZmbM_FirefighterNormal :: 100 % min: 7, max: 7
19:29:26.821   pcs: 7
19:29:26.821 
19:29:26.821 [3] InfectedIndustrial :: dmax: 387.0, 10.5 % == 105 pcs
19:29:26.821 ZmbF_BlueCollarFat_Blue :: 5 % min: 5, max: 5
19:29:26.821 ZmbF_BlueCollarFat_Green :: 5 % min: 6, max: 6
19:29:26.821 ZmbF_BlueCollarFat_Red :: 5 % min: 5, max: 5
19:29:26.821 ZmbF_BlueCollarFat_White :: 5 % min: 5, max: 5
19:29:26.821 ZmbF_MechanicNormal_Beige :: 5 % min: 5, max: 5
19:29:26.821 ZmbF_MechanicNormal_Green :: 5 % min: 6, max: 6
19:29:26.821 ZmbF_MechanicNormal_Grey :: 5 % min: 5, max: 5
19:29:26.821 ZmbF_MechanicNormal_Orange :: 5 % min: 5, max: 5
19:29:26.821 ZmbM_ConstrWorkerNormal_Beige :: 5 % min: 5, max: 5
19:29:26.821 ZmbM_ConstrWorkerNormal_Black :: 5 % min: 6, max: 6
19:29:26.821 ZmbM_ConstrWorkerNormal_Green :: 5 % min: 5, max: 5
19:29:26.821 ZmbM_ConstrWorkerNormal_Grey :: 5 % min: 5, max: 5
19:29:26.821 ZmbM_HandymanNormal_Beige :: 5 % min: 5, max: 5
19:29:26.821 ZmbM_HandymanNormal_Blue :: 5 % min: 6, max: 6
19:29:26.821 ZmbM_HandymanNormal_Green :: 5 % min: 5, max: 5
19:29:26.821 ZmbM_HandymanNormal_Grey :: 5 % min: 5, max: 5
19:29:26.821 ZmbM_HandymanNormal_White :: 5 % min: 5, max: 5
19:29:26.821 ZmbM_HeavyIndustryWorker :: 5 % min: 6, max: 6
19:29:26.821 ZmbM_MechanicSkinny_Blue :: 5 % min: 5, max: 5
19:29:26.821 ZmbM_MechanicSkinny_Green :: 5 % min: 5, max: 5
19:29:26.821 ZmbM_MechanicSkinny_Grey :: 5 % min: 0, max: 0
19:29:26.821 ZmbM_MechanicSkinny_Red :: 5 % min: 0, max: 0
19:29:26.821 ZmbM_OffshoreWorker_Green :: 5 % min: 0, max: 0
19:29:26.821 ZmbM_OffshoreWorker_Orange :: 5 % min: 0, max: 0
19:29:26.821 ZmbM_OffshoreWorker_Red :: 5 % min: 0, max: 0
19:29:26.821 ZmbM_OffshoreWorker_Yellow :: 5 % min: 0, max: 0
19:29:26.821   pcs: 105
19:29:26.821 
19:29:26.821 [4] InfectedMedic :: dmax: 92.0, 2.5 % == 25 pcs
19:29:26.821 ZmbF_DoctorSkinny :: 20 % min: 5, max: 5
19:29:26.821 ZmbF_NurseFat :: 5 % min: 1, max: 1
19:29:26.821 ZmbF_ParamedicNormal_Blue :: 15 % min: 4, max: 4
19:29:26.821 ZmbF_ParamedicNormal_Green :: 10 % min: 3, max: 3
19:29:26.821 ZmbF_ParamedicNormal_Red :: 10 % min: 2, max: 2
19:29:26.821 ZmbF_PatientOld :: 5 % min: 1, max: 1
19:29:26.821 ZmbM_DoctorFat :: 5 % min: 2, max: 2
19:29:26.821 ZmbM_ParamedicNormal_Black :: 15 % min: 3, max: 3
19:29:26.821 ZmbM_ParamedicNormal_Blue :: 10 % min: 3, max: 3
19:29:26.821 ZmbM_ParamedicNormal_Green :: 10 % min: 1, max: 1
19:29:26.821 ZmbM_ParamedicNormal_Red :: 10 % min: 0, max: 0
19:29:26.821 ZmbM_PatientSkinny :: 5 % min: 0, max: 0
19:29:26.821   pcs: 25
19:29:26.821 
19:29:26.821 [5] InfectedPolice :: dmax: 76.0, 2.1 % == 20 pcs
19:29:26.821 ZmbF_PoliceWomanNormal :: 40 % min: 8, max: 8
19:29:26.821 ZmbM_PolicemanFat :: 40 % min: 8, max: 8
19:29:26.821 ZmbM_PolicemanSpecForce :: 10 % min: 4, max: 4
19:29:26.821   pcs: 20
19:29:26.821 
19:29:26.821 [6] InfectedPrisoner :: dmax: 20.0, 0.5 % == 5 pcs
19:29:26.821 ZmbM_PrisonerSkinny :: 100 % min: 5, max: 5
19:29:26.821   pcs: 5
19:29:26.821 
19:29:26.821 [7] InfectedReligious :: dmax: 102.0, 2.8 % == 27 pcs
19:29:26.821 ZmbM_priestPopSkinny :: 100 % min: 27, max: 27
19:29:26.821   pcs: 27
19:29:26.821 
19:29:26.821 [8] InfectedSolitude :: dmax: 466.0, 12.7 % == 126 pcs
19:29:26.821 ZmbF_HikerSkinny_Blue :: 5 % min: 6, max: 6
19:29:26.821 ZmbF_HikerSkinny_Green :: 5 % min: 7, max: 7
19:29:26.821 ZmbF_HikerSkinny_Grey :: 5 % min: 6, max: 6
19:29:26.821 ZmbF_HikerSkinny_Red :: 5 % min: 6, max: 6
19:29:26.821 ZmbM_FishermanOld_Blue :: 5 % min: 7, max: 7
19:29:26.821 ZmbM_FishermanOld_Green :: 5 % min: 6, max: 6
19:29:26.821 ZmbM_FishermanOld_Grey :: 5 % min: 6, max: 6
19:29:26.821 ZmbM_FishermanOld_Red :: 5 % min: 6, max: 6
19:29:26.821 ZmbM_HermitSkinny_Beige :: 10 % min: 13, max: 13
19:29:26.821 ZmbM_HermitSkinny_Black :: 10 % min: 13, max: 13
19:29:26.821 ZmbM_HermitSkinny_Green :: 10 % min: 12, max: 12
19:29:26.821 ZmbM_HermitSkinny_Red :: 10 % min: 13, max: 13
19:29:26.821 ZmbM_HikerSkinny_Blue :: 5 % min: 6, max: 6
19:29:26.821 ZmbM_HikerSkinny_Green :: 5 % min: 6, max: 6
19:29:26.821 ZmbM_HikerSkinny_Yellow :: 5 % min: 7, max: 7
19:29:26.821 ZmbM_HunterOld_Autumn :: 5 % min: 6, max: 6
19:29:26.821 ZmbM_HunterOld_Spring :: 5 % min: 0, max: 0
19:29:26.821 ZmbM_HunterOld_Summer :: 5 % min: 0, max: 0
19:29:26.821 ZmbM_HunterOld_Winter :: 5 % min: 0, max: 0
19:29:26.821   pcs: 126
19:29:26.821 
19:29:26.821 [9] InfectedVillage :: dmax: 1792.0, 48.8 % == 487 pcs
19:29:26.821 ZmbF_JoggerSkinny_Blue :: 6 % min: 29, max: 29
19:29:26.821 ZmbF_JoggerSkinny_Brown :: 6 % min: 29, max: 29
19:29:26.821 ZmbF_JoggerSkinny_Green :: 6 % min: 30, max: 30
19:29:26.821 ZmbF_JoggerSkinny_Red :: 6 % min: 29, max: 29
19:29:26.821 ZmbF_MilkMaidOld_Beige :: 5 % min: 24, max: 24
19:29:26.821 ZmbF_MilkMaidOld_Black :: 5 % min: 25, max: 25
19:29:26.821 ZmbF_MilkMaidOld_Green :: 5 % min: 24, max: 24
19:29:26.821 ZmbF_MilkMaidOld_Grey :: 5 % min: 24, max: 24
19:29:26.821 ZmbF_VillagerOld_Blue :: 5 % min: 25, max: 25
19:29:26.821 ZmbF_VillagerOld_Green :: 5 % min: 24, max: 24
19:29:26.821 ZmbF_VillagerOld_Red :: 5 % min: 24, max: 24
19:29:26.821 ZmbF_VillagerOld_White :: 5 % min: 25, max: 25
19:29:26.821 ZmbM_FarmerFat_Beige :: 6 % min: 29, max: 29
19:29:26.821 ZmbM_FarmerFat_Blue :: 6 % min: 29, max: 29
19:29:26.821 ZmbM_FarmerFat_Brown :: 6 % min: 29, max: 29
19:29:26.821 ZmbM_FarmerFat_Green :: 6 % min: 30, max: 30
19:29:26.821 ZmbM_Jacket_beige :: 5 % min: 24, max: 24
19:29:26.821 ZmbM_Jacket_black :: 5 % min: 24, max: 24
19:29:26.821 ZmbM_Jacket_blue :: 5 % min: 10, max: 10
19:29:26.821 ZmbM_Jacket_bluechecks :: 5 % min: 0, max: 0
19:29:26.821 ZmbM_Jacket_brown :: 5 % min: 0, max: 0
19:29:26.821 ZmbM_Jacket_greenchecks :: 5 % min: 0, max: 0
19:29:26.821 ZmbM_Jacket_grey :: 5 % min: 0, max: 0
19:29:26.821 ZmbM_Jacket_khaki :: 5 % min: 0, max: 0
19:29:26.821 ZmbM_Jacket_magenta :: 5 % min: 0, max: 0
19:29:26.821 ZmbM_Jacket_stripes :: 5 % min: 0, max: 0
19:29:26.821 ZmbM_JoggerSkinny_Blue :: 6 % min: 0, max: 0
19:29:26.821 ZmbM_JoggerSkinny_Green :: 6 % min: 0, max: 0
19:29:26.821 ZmbM_JoggerSkinny_Red :: 6 % min: 0, max: 0
19:29:26.821 ZmbM_VillagerOld_Blue :: 8 % min: 0, max: 0
19:29:26.821 ZmbM_VillagerOld_Green :: 8 % min: 0, max: 0
19:29:26.821 ZmbM_VillagerOld_White :: 8 % min: 0, max: 0
19:29:26.821   pcs: 487
19:29:26.821 
19:29:26.821   total pcs: 994
19:29:26.821 
19:29:26.823 [CE][Storage] ver:24 stamp:3783, valid:yes, name:"mpmissions\dayzOffline.chernarusplus\storage_1\data\vehicles.bin"
19:29:26.824 [CE][Storage] ver:24 stamp:3780, valid:yes, name:"mpmissions\dayzOffline.chernarusplus\storage_1\data\vehicles.001"
19:29:26.825 [CE][Storage] ver:24 stamp:3781, valid:yes, name:"mpmissions\dayzOffline.chernarusplus\storage_1\data\vehicles.002"
19:29:26.825 [CE][Storage] Restoring file "mpmissions\dayzOffline.chernarusplus\storage_1\data\vehicles.bin" 96 items.
19:29:26.827 Warning Message: No entry 'bin\config.bin/CfgVehicles/CivilianSedan.viewDriverShadow'.
19:29:26.828 Warning Message: '/' is not a value
19:29:26.828 Warning Message: No entry 'bin\config.bin/CfgVehicles/CivilianSedan.viewDriverShadowDiff'.
19:29:26.828 Warning Message: '/' is not a value
19:29:26.828 Warning Message: No entry 'bin\config.bin/CfgVehicles/CivilianSedan.viewDriverShadowAmb'.
19:29:26.828 Warning Message: '/' is not a value
19:29:26.828 Warning Message: No entry 'bin\config.bin/CfgVehicles/CivilianSedan.viewCargoShadow'.
19:29:26.828 Warning Message: '/' is not a value
19:29:26.828 Warning Message: No entry 'bin\config.bin/CfgVehicles/CivilianSedan.viewCargoShadowDiff'.
19:29:26.828 Warning Message: '/' is not a value
19:29:26.828 Warning Message: No entry 'bin\config.bin/CfgVehicles/CivilianSedan.viewCargoShadowAmb'.
19:29:26.828 Warning Message: '/' is not a value
19:29:26.829 Warning Message: No entry 'bin\config.bin/CfgVehicles/CivilianSedan_Black.viewDriverShadow'.
19:29:26.829 Warning Message: '/' is not a value
19:29:26.829 Warning Message: No entry 'bin\config.bin/CfgVehicles/CivilianSedan_Black.viewDriverShadowDiff'.
19:29:26.829 Warning Message: '/' is not a value
19:29:26.829 Warning Message: No entry 'bin\config.bin/CfgVehicles/CivilianSedan_Black.viewDriverShadowAmb'.
19:29:26.829 Warning Message: '/' is not a value
19:29:26.829 Warning Message: No entry 'bin\config.bin/CfgVehicles/CivilianSedan_Black.viewCargoShadow'.
19:29:26.829 Warning Message: '/' is not a value
19:29:26.829 Warning Message: No entry 'bin\config.bin/CfgVehicles/CivilianSedan_Black.viewCargoShadowDiff'.
19:29:26.829 Warning Message: '/' is not a value
19:29:26.829 Warning Message: No entry 'bin\config.bin/CfgVehicles/CivilianSedan_Black.viewCargoShadowAmb'.
19:29:26.829 Warning Message: '/' is not a value
19:29:26.834 DamageSystem Warning: Selection dmgZone_lights_2_1 doesn't exists in fire geometry for entity CivilianSedan_Black
19:29:26.834 DamageSystem Warning: Selection dmgZone_lights_1_1 doesn't exists in fire geometry for entity CivilianSedan_Black
19:29:26.834 Warning Message: No entry 'bin\config.bin/CfgVehicles/Car/Reflectors/Left.radius'.
19:29:26.834 Warning Message: '/' is not a value
19:29:26.834 Warning Message: No entry 'bin\config.bin/CfgVehicles/Car/Reflectors/Right.radius'.
19:29:26.834 Warning Message: '/' is not a value
19:29:26.840 Warning Message: Cannot open object dz\vehicles\proxies\civiliansedan_driver.p3d
19:29:26.841 Warning Message: Cannot open object dz\vehicles\proxies\civiliansedan_cargo.p3d
19:29:26.860 Warning Message: No entry 'bin\config.bin/CfgVehicles/CivilianSedan_Wine.viewDriverShadow'.
19:29:26.860 Warning Message: '/' is not a value
19:29:26.860 Warning Message: No entry 'bin\config.bin/CfgVehicles/CivilianSedan_Wine.viewDriverShadowDiff'.
19:29:26.860 Warning Message: '/' is not a value
19:29:26.860 Warning Message: No entry 'bin\config.bin/CfgVehicles/CivilianSedan_Wine.viewDriverShadowAmb'.
19:29:26.860 Warning Message: '/' is not a value
19:29:26.860 Warning Message: No entry 'bin\config.bin/CfgVehicles/CivilianSedan_Wine.viewCargoShadow'.
19:29:26.860 Warning Message: '/' is not a value
19:29:26.860 Warning Message: No entry 'bin\config.bin/CfgVehicles/CivilianSedan_Wine.viewCargoShadowDiff'.
19:29:26.860 Warning Message: '/' is not a value
19:29:26.860 Warning Message: No entry 'bin\config.bin/CfgVehicles/CivilianSedan_Wine.viewCargoShadowAmb'.
19:29:26.860 Warning Message: '/' is not a value
19:29:26.861 DamageSystem Warning: Selection dmgZone_lights_2_1 doesn't exists in fire geometry for entity CivilianSedan_Wine
19:29:26.861 DamageSystem Warning: Selection dmgZone_lights_1_1 doesn't exists in fire geometry for entity CivilianSedan_Wine
19:29:26.861 Warning Message: No entry 'bin\config.bin/CfgVehicles/Car/Reflectors/Left.radius'.
19:29:26.861 Warning Message: '/' is not a value
19:29:26.861 Warning Message: No entry 'bin\config.bin/CfgVehicles/Car/Reflectors/Right.radius'.
19:29:26.861 Warning Message: '/' is not a value
19:29:26.866 DamageSystem Warning: Selection dmgZone_lights_2_1 doesn't exists in fire geometry for entity CivilianSedan
19:29:26.866 DamageSystem Warning: Selection dmgZone_lights_1_1 doesn't exists in fire geometry for entity CivilianSedan
19:29:26.867 Warning Message: No entry 'bin\config.bin/CfgVehicles/Car/Reflectors/Left.radius'.
19:29:26.867 Warning Message: '/' is not a value
19:29:26.867 Warning Message: No entry 'bin\config.bin/CfgVehicles/Car/Reflectors/Right.radius'.
19:29:26.867 Warning Message: '/' is not a value
19:29:26.885 Warning Message: No entry 'bin\config.bin/CfgVehicles/Hatchback_02.viewDriverShadow'.
19:29:26.885 Warning Message: '/' is not a value
19:29:26.885 Warning Message: No entry 'bin\config.bin/CfgVehicles/Hatchback_02.viewDriverShadowDiff'.
19:29:26.885 Warning Message: '/' is not a value
19:29:26.885 Warning Message: No entry 'bin\config.bin/CfgVehicles/Hatchback_02.viewDriverShadowAmb'.
19:29:26.885 Warning Message: '/' is not a value
19:29:26.885 Warning Message: No entry 'bin\config.bin/CfgVehicles/Hatchback_02.viewCargoShadow'.
19:29:26.885 Warning Message: '/' is not a value
19:29:26.885 Warning Message: No entry 'bin\config.bin/CfgVehicles/Hatchback_02.viewCargoShadowDiff'.
19:29:26.885 Warning Message: '/' is not a value
19:29:26.885 Warning Message: No entry 'bin\config.bin/CfgVehicles/Hatchback_02.viewCargoShadowAmb'.
19:29:26.885 Warning Message: '/' is not a value
19:29:26.886 Warning Message: No entry 'bin\config.bin/CfgVehicles/Hatchback_02_Blue.viewDriverShadow'.
19:29:26.886 Warning Message: '/' is not a value
19:29:26.886 Warning Message: No entry 'bin\config.bin/CfgVehicles/Hatchback_02_Blue.viewDriverShadowDiff'.
19:29:26.886 Warning Message: '/' is not a value
19:29:26.886 Warning Message: No entry 'bin\config.bin/CfgVehicles/Hatchback_02_Blue.viewDriverShadowAmb'.
19:29:26.886 Warning Message: '/' is not a value
19:29:26.886 Warning Message: No entry 'bin\config.bin/CfgVehicles/Hatchback_02_Blue.viewCargoShadow'.
19:29:26.886 Warning Message: '/' is not a value
19:29:26.886 Warning Message: No entry 'bin\config.bin/CfgVehicles/Hatchback_02_Blue.viewCargoShadowDiff'.
19:29:26.886 Warning Message: '/' is not a value
19:29:26.886 Warning Message: No entry 'bin\config.bin/CfgVehicles/Hatchback_02_Blue.viewCargoShadowAmb'.
19:29:26.886 Warning Message: '/' is not a value
19:29:26.892 DamageSystem Warning: Selection dmgZone_lights_2_1 doesn't exists in fire geometry for entity Hatchback_02_Blue
19:29:26.892 DamageSystem Warning: Selection dmgZone_lights_1_1 doesn't exists in fire geometry for entity Hatchback_02_Blue
19:29:26.892 Warning Message: No entry 'bin\config.bin/CfgVehicles/Car/Reflectors/Left.radius'.
19:29:26.892 Warning Message: '/' is not a value
19:29:26.892 Warning Message: No entry 'bin\config.bin/CfgVehicles/Car/Reflectors/Right.radius'.
19:29:26.892 Warning Message: '/' is not a value
19:29:26.924 Warning Message: No entry 'bin\config.bin/CfgVehicles/Hatchback_02_Black.viewDriverShadow'.
19:29:26.924 Warning Message: '/' is not a value
19:29:26.924 Warning Message: No entry 'bin\config.bin/CfgVehicles/Hatchback_02_Black.viewDriverShadowDiff'.
19:29:26.924 Warning Message: '/' is not a value
19:29:26.924 Warning Message: No entry 'bin\config.bin/CfgVehicles/Hatchback_02_Black.viewDriverShadowAmb'.
19:29:26.924 Warning Message: '/' is not a value
19:29:26.924 Warning Message: No entry 'bin\config.bin/CfgVehicles/Hatchback_02_Black.viewCargoShadow'.
19:29:26.924 Warning Message: '/' is not a value
19:29:26.924 Warning Message: No entry 'bin\config.bin/CfgVehicles/Hatchback_02_Black.viewCargoShadowDiff'.
19:29:26.924 Warning Message: '/' is not a value
19:29:26.924 Warning Message: No entry 'bin\config.bin/CfgVehicles/Hatchback_02_Black.viewCargoShadowAmb'.
19:29:26.924 Warning Message: '/' is not a value
19:29:26.924 DamageSystem Warning: Selection dmgZone_lights_2_1 doesn't exists in fire geometry for entity Hatchback_02_Black
19:29:26.924 DamageSystem Warning: Selection dmgZone_lights_1_1 doesn't exists in fire geometry for entity Hatchback_02_Black
19:29:26.924 Warning Message: No entry 'bin\config.bin/CfgVehicles/Car/Reflectors/Left.radius'.
19:29:26.924 Warning Message: '/' is not a value
19:29:26.924 Warning Message: No entry 'bin\config.bin/CfgVehicles/Car/Reflectors/Right.radius'.
19:29:26.924 Warning Message: '/' is not a value
19:29:26.934 DamageSystem Warning: Selection dmgZone_lights_2_1 doesn't exists in fire geometry for entity Hatchback_02
19:29:26.934 DamageSystem Warning: Selection dmgZone_lights_1_1 doesn't exists in fire geometry for entity Hatchback_02
19:29:26.934 Warning Message: No entry 'bin\config.bin/CfgVehicles/Car/Reflectors/Left.radius'.
19:29:26.934 Warning Message: '/' is not a value
19:29:26.934 Warning Message: No entry 'bin\config.bin/CfgVehicles/Car/Reflectors/Right.radius'.
19:29:26.934 Warning Message: '/' is not a value
19:29:26.941 Warning Message: No entry 'bin\config.bin/CfgVehicles/OffroadHatchback.viewDriverShadow'.
19:29:26.941 Warning Message: '/' is not a value
19:29:26.941 Warning Message: No entry 'bin\config.bin/CfgVehicles/OffroadHatchback.viewDriverShadowDiff'.
19:29:26.941 Warning Message: '/' is not a value
19:29:26.941 Warning Message: No entry 'bin\config.bin/CfgVehicles/OffroadHatchback.viewDriverShadowAmb'.
19:29:26.941 Warning Message: '/' is not a value
19:29:26.941 Warning Message: No entry 'bin\config.bin/CfgVehicles/OffroadHatchback.viewCargoShadow'.
19:29:26.941 Warning Message: '/' is not a value
19:29:26.941 Warning Message: No entry 'bin\config.bin/CfgVehicles/OffroadHatchback.viewCargoShadowDiff'.
19:29:26.941 Warning Message: '/' is not a value
19:29:26.941 Warning Message: No entry 'bin\config.bin/CfgVehicles/OffroadHatchback.viewCargoShadowAmb'.
19:29:26.941 Warning Message: '/' is not a value
19:29:26.942 Warning Message: No entry 'bin\config.bin/CfgVehicles/OffroadHatchback_White.viewDriverShadow'.
19:29:26.942 Warning Message: '/' is not a value
19:29:26.942 Warning Message: No entry 'bin\config.bin/CfgVehicles/OffroadHatchback_White.viewDriverShadowDiff'.
19:29:26.942 Warning Message: '/' is not a value
19:29:26.942 Warning Message: No entry 'bin\config.bin/CfgVehicles/OffroadHatchback_White.viewDriverShadowAmb'.
19:29:26.942 Warning Message: '/' is not a value
19:29:26.942 Warning Message: No entry 'bin\config.bin/CfgVehicles/OffroadHatchback_White.viewCargoShadow'.
19:29:26.942 Warning Message: '/' is not a value
19:29:26.942 Warning Message: No entry 'bin\config.bin/CfgVehicles/OffroadHatchback_White.viewCargoShadowDiff'.
19:29:26.942 Warning Message: '/' is not a value
19:29:26.942 Warning Message: No entry 'bin\config.bin/CfgVehicles/OffroadHatchback_White.viewCargoShadowAmb'.
19:29:26.942 Warning Message: '/' is not a value
19:29:26.945 DamageSystem Warning: Selection dmgZone_fuelTank doesn't exists in fire geometry for entity OffroadHatchback_White
19:29:26.945 Warning Message: No entry 'bin\config.bin/CfgVehicles/Car/Reflectors/Left.radius'.
19:29:26.945 Warning Message: '/' is not a value
19:29:26.945 Warning Message: No entry 'bin\config.bin/CfgVehicles/Car/Reflectors/Right.radius'.
19:29:26.945 Warning Message: '/' is not a value
19:29:26.947 Warning Message: Cannot open object dz\vehicles\proxies\bus_driver.p3d
19:29:26.949 Warning Message: Cannot open object dz\vehicles\proxies\bus_cargo.p3d
19:29:26.954 Warning Message: No entry 'bin\config.bin/CfgVehicles/OffroadHatchback_Blue.viewDriverShadow'.
19:29:26.954 Warning Message: '/' is not a value
19:29:26.954 Warning Message: No entry 'bin\config.bin/CfgVehicles/OffroadHatchback_Blue.viewDriverShadowDiff'.
19:29:26.954 Warning Message: '/' is not a value
19:29:26.954 Warning Message: No entry 'bin\config.bin/CfgVehicles/OffroadHatchback_Blue.viewDriverShadowAmb'.
19:29:26.954 Warning Message: '/' is not a value
19:29:26.954 Warning Message: No entry 'bin\config.bin/CfgVehicles/OffroadHatchback_Blue.viewCargoShadow'.
19:29:26.954 Warning Message: '/' is not a value
19:29:26.954 Warning Message: No entry 'bin\config.bin/CfgVehicles/OffroadHatchback_Blue.viewCargoShadowDiff'.
19:29:26.954 Warning Message: '/' is not a value
19:29:26.954 Warning Message: No entry 'bin\config.bin/CfgVehicles/OffroadHatchback_Blue.viewCargoShadowAmb'.
19:29:26.954 Warning Message: '/' is not a value
19:29:26.954 DamageSystem Warning: Selection dmgZone_fuelTank doesn't exists in fire geometry for entity OffroadHatchback_Blue
19:29:26.954 Warning Message: No entry 'bin\config.bin/CfgVehicles/Car/Reflectors/Left.radius'.
19:29:26.954 Warning Message: '/' is not a value
19:29:26.954 Warning Message: No entry 'bin\config.bin/CfgVehicles/Car/Reflectors/Right.radius'.
19:29:26.954 Warning Message: '/' is not a value
19:29:26.958 DamageSystem Warning: Selection dmgZone_fuelTank doesn't exists in fire geometry for entity OffroadHatchback
19:29:26.959 Warning Message: No entry 'bin\config.bin/CfgVehicles/Car/Reflectors/Left.radius'.
19:29:26.959 Warning Message: '/' is not a value
19:29:26.959 Warning Message: No entry 'bin\config.bin/CfgVehicles/Car/Reflectors/Right.radius'.
19:29:26.959 Warning Message: '/' is not a value
19:29:26.979 Warning Message: No entry 'bin\config.bin/CfgVehicles/Sedan_02.viewDriverShadow'.
19:29:26.979 Warning Message: '/' is not a value
19:29:26.979 Warning Message: No entry 'bin\config.bin/CfgVehicles/Sedan_02.viewDriverShadowDiff'.
19:29:26.979 Warning Message: '/' is not a value
19:29:26.979 Warning Message: No entry 'bin\config.bin/CfgVehicles/Sedan_02.viewDriverShadowAmb'.
19:29:26.979 Warning Message: '/' is not a value
19:29:26.979 Warning Message: No entry 'bin\config.bin/CfgVehicles/Sedan_02.viewCargoShadow'.
19:29:26.979 Warning Message: '/' is not a value
19:29:26.979 Warning Message: No entry 'bin\config.bin/CfgVehicles/Sedan_02.viewCargoShadowDiff'.
19:29:26.979 Warning Message: '/' is not a value
19:29:26.979 Warning Message: No entry 'bin\config.bin/CfgVehicles/Sedan_02.viewCargoShadowAmb'.
19:29:26.979 Warning Message: '/' is not a value
19:29:26.979 Warning Message: No entry 'bin\config.bin/CfgVehicles/Sedan_02_Grey.viewDriverShadow'.
19:29:26.979 Warning Message: '/' is not a value
19:29:26.979 Warning Message: No entry 'bin\config.bin/CfgVehicles/Sedan_02_Grey.viewDriverShadowDiff'.
19:29:26.979 Warning Message: '/' is not a value
19:29:26.979 Warning Message: No entry 'bin\config.bin/CfgVehicles/Sedan_02_Grey.viewDriverShadowAmb'.
19:29:26.979 Warning Message: '/' is not a value
19:29:26.979 Warning Message: No entry 'bin\config.bin/CfgVehicles/Sedan_02_Grey.viewCargoShadow'.
19:29:26.979 Warning Message: '/' is not a value
19:29:26.979 Warning Message: No entry 'bin\config.bin/CfgVehicles/Sedan_02_Grey.viewCargoShadowDiff'.
19:29:26.979 Warning Message: '/' is not a value
19:29:26.979 Warning Message: No entry 'bin\config.bin/CfgVehicles/Sedan_02_Grey.viewCargoShadowAmb'.
19:29:26.979 Warning Message: '/' is not a value
19:29:26.982 DamageSystem Warning: Selection dmgZone_fuelTank doesn't exists in fire geometry for entity Sedan_02_Grey
19:29:26.982 DamageSystem Warning: Selection dmgZone_engine doesn't exists in fire geometry for entity Sedan_02_Grey
19:29:26.982 DamageSystem Warning: Selection dmgZone_lights_2_1 doesn't exists in fire geometry for entity Sedan_02_Grey
19:29:26.982 DamageSystem Warning: Selection dmgZone_lights_1_1 doesn't exists in fire geometry for entity Sedan_02_Grey
19:29:26.982 Warning Message: No entry 'bin\config.bin/CfgVehicles/Car/Reflectors/Left.radius'.
19:29:26.982 Warning Message: '/' is not a value
19:29:26.982 Warning Message: No entry 'bin\config.bin/CfgVehicles/Car/Reflectors/Right.radius'.
19:29:26.982 Warning Message: '/' is not a value
19:29:26.995 Warning Message: No entry 'bin\config.bin/CfgVehicles/Sedan_02_Red.viewDriverShadow'.
19:29:26.995 Warning Message: '/' is not a value
19:29:26.995 Warning Message: No entry 'bin\config.bin/CfgVehicles/Sedan_02_Red.viewDriverShadowDiff'.
19:29:26.995 Warning Message: '/' is not a value
19:29:26.995 Warning Message: No entry 'bin\config.bin/CfgVehicles/Sedan_02_Red.viewDriverShadowAmb'.
19:29:26.995 Warning Message: '/' is not a value
19:29:26.995 Warning Message: No entry 'bin\config.bin/CfgVehicles/Sedan_02_Red.viewCargoShadow'.
19:29:26.995 Warning Message: '/' is not a value
19:29:26.995 Warning Message: No entry 'bin\config.bin/CfgVehicles/Sedan_02_Red.viewCargoShadowDiff'.
19:29:26.995 Warning Message: '/' is not a value
19:29:26.995 Warning Message: No entry 'bin\config.bin/CfgVehicles/Sedan_02_Red.viewCargoShadowAmb'.
19:29:26.995 Warning Message: '/' is not a value
19:29:26.995 DamageSystem Warning: Selection dmgZone_fuelTank doesn't exists in fire geometry for entity Sedan_02_Red
19:29:26.995 DamageSystem Warning: Selection dmgZone_engine doesn't exists in fire geometry for entity Sedan_02_Red
19:29:26.995 DamageSystem Warning: Selection dmgZone_lights_2_1 doesn't exists in fire geometry for entity Sedan_02_Red
19:29:26.995 DamageSystem Warning: Selection dmgZone_lights_1_1 doesn't exists in fire geometry for entity Sedan_02_Red
19:29:26.995 Warning Message: No entry 'bin\config.bin/CfgVehicles/Car/Reflectors/Left.radius'.
19:29:26.995 Warning Message: '/' is not a value
19:29:26.995 Warning Message: No entry 'bin\config.bin/CfgVehicles/Car/Reflectors/Right.radius'.
19:29:26.995 Warning Message: '/' is not a value
19:29:27.05 DamageSystem Warning: Selection dmgZone_fuelTank doesn't exists in fire geometry for entity Sedan_02
19:29:27.05 DamageSystem Warning: Selection dmgZone_engine doesn't exists in fire geometry for entity Sedan_02
19:29:27.05 DamageSystem Warning: Selection dmgZone_lights_2_1 doesn't exists in fire geometry for entity Sedan_02
19:29:27.05 DamageSystem Warning: Selection dmgZone_lights_1_1 doesn't exists in fire geometry for entity Sedan_02
19:29:27.05 Warning Message: No entry 'bin\config.bin/CfgVehicles/Car/Reflectors/Left.radius'.
19:29:27.05 Warning Message: '/' is not a value
19:29:27.05 Warning Message: No entry 'bin\config.bin/CfgVehicles/Car/Reflectors/Right.radius'.
19:29:27.05 Warning Message: '/' is not a value
19:29:27.63   96 items loaded.
19:29:27.64 [CE][Storage] ver:24 stamp:3783, valid:yes, name:"mpmissions\dayzOffline.chernarusplus\storage_1\data\dynamic_000.bin"
19:29:27.65 [CE][Storage] ver:24 stamp:3780, valid:yes, name:"mpmissions\dayzOffline.chernarusplus\storage_1\data\dynamic_000.001"
19:29:27.66 [CE][Storage] ver:24 stamp:3781, valid:yes, name:"mpmissions\dayzOffline.chernarusplus\storage_1\data\dynamic_000.002"
19:29:27.66 [CE][Storage] Restoring file "mpmissions\dayzOffline.chernarusplus\storage_1\data\dynamic_000.bin" 544 items.
19:29:27.101 Warning Message: No entry 'bin\config.bin/CfgNonAIVehicles/ProxyOptic_PUScope.AnimationSources'.
19:29:27.101 Warning Message: Animation source hide not found in bin\config.bin/CfgNonAIVehicles/ProxyOptic_PUScope/
19:29:27.353 Warning Message: No entry 'bin\config.bin/CfgVehicles/ChernarusMap.world'.
19:29:27.353 Warning Message: '/' is not a value
19:29:27.391 Mag_STANAG_30Rnd: bullets - unknown animation source revolving
